// Jest Snapshot v1, https://goo.gl/fbAQLP

exports[`<TimerButton /> should renders a button 1`] = `
<div
  class="button-container"
>
  <p>
    Save
  </p>
</div>
`;
